LHS Probe (25 bases)	RHS Probe (25 bases)
--------------------------------------------------	--------------------------------------------------
CAATCACAAGACACCTGTGACAAAT	GAGGAACAAATCCAGAAGAGCCCAT
CAATCACAAGACACCTGTGACAAAT	GAGGAACAAATCCAGAAGAGCCCAT
CAATCACAAGACACCTGTGACAAAT	GAGGAACAAATCCAGAAGAGCCCAT
